MPLINK 4.35, Linker
Linker Map File - Created Wed Oct 25 11:07:26 2017

                                 Section Info
                  Section       Type    Address   Location Size(Bytes)
                ---------  ---------  ---------  ---------  ---------
                   .org_0       code   0x000000    program   0x000000
                   .org_1       code   0x000000    program   0x000002
                   .org_2       code   0x000005    program   0x000102



                              Program Memory Usage 
                               Start         End      
                           ---------   ---------      
                            0x000000    0x000000      
                            0x000005    0x000085      
            130 out of 8453 program addresses used, program memory utilization is 1%



                              Symbols - Sorted by Name
                     Name    Address   Location    Storage File                     
                ---------  ---------  ---------  --------- ---------                
                 BLINKING   0x000034    program     static D:\Microcomputadoras\Practica 3 Teoría\Practica_3.asm
                    CHECK   0x000027    program     static D:\Microcomputadoras\Practica 3 Teoría\Practica_3.asm
                DECREMENT   0x000047    program     static D:\Microcomputadoras\Practica 3 Teoría\Practica_3.asm
                    Disp1   0x00004a    program     static D:\Microcomputadoras\Practica 3 Teoría\Practica_3.asm
                    Disp2   0x000054    program     static D:\Microcomputadoras\Practica 3 Teoría\Practica_3.asm
                  INCRASE   0x000044    program     static D:\Microcomputadoras\Practica 3 Teoría\Practica_3.asm
                   INICIO   0x000005    program     static D:\Microcomputadoras\Practica 3 Teoría\Practica_3.asm
                     LOOP   0x000015    program     static D:\Microcomputadoras\Practica 3 Teoría\Practica_3.asm
                   PRESS2   0x00002a    program     static D:\Microcomputadoras\Practica 3 Teoría\Practica_3.asm
                  RESET_0   0x000031    program     static D:\Microcomputadoras\Practica 3 Teoría\Practica_3.asm
                   SELECT   0x000018    program     static D:\Microcomputadoras\Practica 3 Teoría\Practica_3.asm
                  SELECT1   0x00001b    program     static D:\Microcomputadoras\Practica 3 Teoría\Practica_3.asm
                  SELECT2   0x00001e    program     static D:\Microcomputadoras\Practica 3 Teoría\Practica_3.asm
                  SELECT3   0x000021    program     static D:\Microcomputadoras\Practica 3 Teoría\Practica_3.asm
                  SELECT4   0x000024    program     static D:\Microcomputadoras\Practica 3 Teoría\Practica_3.asm
                SWAP_NUMS   0x00002e    program     static D:\Microcomputadoras\Practica 3 Teoría\Practica_3.asm
                    Tabla   0x000074    program     static D:\Microcomputadoras\Practica 3 Teoría\Practica_3.asm
                      dos   0x000066    program     static D:\Microcomputadoras\Practica 3 Teoría\Practica_3.asm
                  retardo   0x000062    program     static D:\Microcomputadoras\Practica 3 Teoría\Practica_3.asm
                 retardo2   0x00006f    program     static D:\Microcomputadoras\Practica 3 Teoría\Practica_3.asm
                     tres   0x000064    program     static D:\Microcomputadoras\Practica 3 Teoría\Practica_3.asm
                    tres2   0x000071    program     static D:\Microcomputadoras\Practica 3 Teoría\Practica_3.asm
                      uno   0x000068    program     static D:\Microcomputadoras\Practica 3 Teoría\Practica_3.asm



                              Symbols - Sorted by Address
                     Name    Address   Location    Storage File                     
                ---------  ---------  ---------  --------- ---------                
                   INICIO   0x000005    program     static D:\Microcomputadoras\Practica 3 Teoría\Practica_3.asm
                     LOOP   0x000015    program     static D:\Microcomputadoras\Practica 3 Teoría\Practica_3.asm
                   SELECT   0x000018    program     static D:\Microcomputadoras\Practica 3 Teoría\Practica_3.asm
                  SELECT1   0x00001b    program     static D:\Microcomputadoras\Practica 3 Teoría\Practica_3.asm
                  SELECT2   0x00001e    program     static D:\Microcomputadoras\Practica 3 Teoría\Practica_3.asm
                  SELECT3   0x000021    program     static D:\Microcomputadoras\Practica 3 Teoría\Practica_3.asm
                  SELECT4   0x000024    program     static D:\Microcomputadoras\Practica 3 Teoría\Practica_3.asm
                    CHECK   0x000027    program     static D:\Microcomputadoras\Practica 3 Teoría\Practica_3.asm
                   PRESS2   0x00002a    program     static D:\Microcomputadoras\Practica 3 Teoría\Practica_3.asm
                SWAP_NUMS   0x00002e    program     static D:\Microcomputadoras\Practica 3 Teoría\Practica_3.asm
                  RESET_0   0x000031    program     static D:\Microcomputadoras\Practica 3 Teoría\Practica_3.asm
                 BLINKING   0x000034    program     static D:\Microcomputadoras\Practica 3 Teoría\Practica_3.asm
                  INCRASE   0x000044    program     static D:\Microcomputadoras\Practica 3 Teoría\Practica_3.asm
                DECREMENT   0x000047    program     static D:\Microcomputadoras\Practica 3 Teoría\Practica_3.asm
                    Disp1   0x00004a    program     static D:\Microcomputadoras\Practica 3 Teoría\Practica_3.asm
                    Disp2   0x000054    program     static D:\Microcomputadoras\Practica 3 Teoría\Practica_3.asm
                  retardo   0x000062    program     static D:\Microcomputadoras\Practica 3 Teoría\Practica_3.asm
                     tres   0x000064    program     static D:\Microcomputadoras\Practica 3 Teoría\Practica_3.asm
                      dos   0x000066    program     static D:\Microcomputadoras\Practica 3 Teoría\Practica_3.asm
                      uno   0x000068    program     static D:\Microcomputadoras\Practica 3 Teoría\Practica_3.asm
                 retardo2   0x00006f    program     static D:\Microcomputadoras\Practica 3 Teoría\Practica_3.asm
                    tres2   0x000071    program     static D:\Microcomputadoras\Practica 3 Teoría\Practica_3.asm
                    Tabla   0x000074    program     static D:\Microcomputadoras\Practica 3 Teoría\Practica_3.asm


