MPLINK 4.35, Linker
Linker Map File - Created Sat Oct 28 18:38:05 2017

                                 Section Info
                  Section       Type    Address   Location Size(Bytes)
                ---------  ---------  ---------  ---------  ---------
                   .org_0       code   0x000000    program   0x000000
                   .org_1       code   0x000000    program   0x000002
                   .org_2       code   0x000005    program   0x00006c



                              Program Memory Usage 
                               Start         End      
                           ---------   ---------      
                            0x000000    0x000000      
                            0x000005    0x00003a      
            55 out of 8453 program addresses used, program memory utilization is 0%



                              Symbols - Sorted by Name
                     Name    Address   Location    Storage File                     
                ---------  ---------  ---------  --------- ---------                
                     CERO   0x000023    program     static D:\Microcomputadoras\Practica 5\Ejercicio 2.asm
                    CINCO   0x000032    program     static D:\Microcomputadoras\Practica 5\Ejercicio 2.asm
                   CUATRO   0x00002f    program     static D:\Microcomputadoras\Practica 5\Ejercicio 2.asm
                      DOS   0x000029    program     static D:\Microcomputadoras\Practica 5\Ejercicio 2.asm
                   INICIO   0x000005    program     static D:\Microcomputadoras\Practica 5\Ejercicio 2.asm
                     SEIS   0x000035    program     static D:\Microcomputadoras\Practica 5\Ejercicio 2.asm
                    SIETE   0x000038    program     static D:\Microcomputadoras\Practica 5\Ejercicio 2.asm
                     TRES   0x00002c    program     static D:\Microcomputadoras\Practica 5\Ejercicio 2.asm
                      UNO   0x000026    program     static D:\Microcomputadoras\Practica 5\Ejercicio 2.asm
                   select   0x00000e    program     static D:\Microcomputadoras\Practica 5\Ejercicio 2.asm
                  select1   0x000011    program     static D:\Microcomputadoras\Practica 5\Ejercicio 2.asm
                  select2   0x000014    program     static D:\Microcomputadoras\Practica 5\Ejercicio 2.asm
                  select3   0x000017    program     static D:\Microcomputadoras\Practica 5\Ejercicio 2.asm
                  select4   0x00001a    program     static D:\Microcomputadoras\Practica 5\Ejercicio 2.asm
                  select5   0x00001d    program     static D:\Microcomputadoras\Practica 5\Ejercicio 2.asm
                  select6   0x000020    program     static D:\Microcomputadoras\Practica 5\Ejercicio 2.asm



                              Symbols - Sorted by Address
                     Name    Address   Location    Storage File                     
                ---------  ---------  ---------  --------- ---------                
                   INICIO   0x000005    program     static D:\Microcomputadoras\Practica 5\Ejercicio 2.asm
                   select   0x00000e    program     static D:\Microcomputadoras\Practica 5\Ejercicio 2.asm
                  select1   0x000011    program     static D:\Microcomputadoras\Practica 5\Ejercicio 2.asm
                  select2   0x000014    program     static D:\Microcomputadoras\Practica 5\Ejercicio 2.asm
                  select3   0x000017    program     static D:\Microcomputadoras\Practica 5\Ejercicio 2.asm
                  select4   0x00001a    program     static D:\Microcomputadoras\Practica 5\Ejercicio 2.asm
                  select5   0x00001d    program     static D:\Microcomputadoras\Practica 5\Ejercicio 2.asm
                  select6   0x000020    program     static D:\Microcomputadoras\Practica 5\Ejercicio 2.asm
                     CERO   0x000023    program     static D:\Microcomputadoras\Practica 5\Ejercicio 2.asm
                      UNO   0x000026    program     static D:\Microcomputadoras\Practica 5\Ejercicio 2.asm
                      DOS   0x000029    program     static D:\Microcomputadoras\Practica 5\Ejercicio 2.asm
                     TRES   0x00002c    program     static D:\Microcomputadoras\Practica 5\Ejercicio 2.asm
                   CUATRO   0x00002f    program     static D:\Microcomputadoras\Practica 5\Ejercicio 2.asm
                    CINCO   0x000032    program     static D:\Microcomputadoras\Practica 5\Ejercicio 2.asm
                     SEIS   0x000035    program     static D:\Microcomputadoras\Practica 5\Ejercicio 2.asm
                    SIETE   0x000038    program     static D:\Microcomputadoras\Practica 5\Ejercicio 2.asm


