MPLINK 4.35, Linker
Linker Map File - Created Sat Oct 28 18:36:21 2017

                                 Section Info
                  Section       Type    Address   Location Size(Bytes)
                ---------  ---------  ---------  ---------  ---------
                   .org_0       code   0x000000    program   0x000000
                   .org_1       code   0x000000    program   0x000002
                   .org_2       code   0x000005    program   0x00004e



                              Program Memory Usage 
                               Start         End      
                           ---------   ---------      
                            0x000000    0x000000      
                            0x000005    0x00002b      
            40 out of 8453 program addresses used, program memory utilization is 0%



                              Symbols - Sorted by Name
                     Name    Address   Location    Storage File                     
                ---------  ---------  ---------  --------- ---------                
                  APAGADO   0x00001d    program     static D:\Microcomputadoras\Practica 4\Ejercicio 2.asm
                   INICIO   0x000005    program     static D:\Microcomputadoras\Practica 4\Ejercicio 2.asm
                 ROT_M1_D   0x000026    program     static D:\Microcomputadoras\Practica 4\Ejercicio 2.asm
                 ROT_M1_I   0x000029    program     static D:\Microcomputadoras\Practica 4\Ejercicio 2.asm
                 ROT_M2_D   0x000020    program     static D:\Microcomputadoras\Practica 4\Ejercicio 2.asm
                 ROT_M2_I   0x000023    program     static D:\Microcomputadoras\Practica 4\Ejercicio 2.asm
                   select   0x00000e    program     static D:\Microcomputadoras\Practica 4\Ejercicio 2.asm
                  select1   0x000011    program     static D:\Microcomputadoras\Practica 4\Ejercicio 2.asm
                  select2   0x000014    program     static D:\Microcomputadoras\Practica 4\Ejercicio 2.asm
                  select3   0x000017    program     static D:\Microcomputadoras\Practica 4\Ejercicio 2.asm
                  select4   0x00001a    program     static D:\Microcomputadoras\Practica 4\Ejercicio 2.asm



                              Symbols - Sorted by Address
                     Name    Address   Location    Storage File                     
                ---------  ---------  ---------  --------- ---------                
                   INICIO   0x000005    program     static D:\Microcomputadoras\Practica 4\Ejercicio 2.asm
                   select   0x00000e    program     static D:\Microcomputadoras\Practica 4\Ejercicio 2.asm
                  select1   0x000011    program     static D:\Microcomputadoras\Practica 4\Ejercicio 2.asm
                  select2   0x000014    program     static D:\Microcomputadoras\Practica 4\Ejercicio 2.asm
                  select3   0x000017    program     static D:\Microcomputadoras\Practica 4\Ejercicio 2.asm
                  select4   0x00001a    program     static D:\Microcomputadoras\Practica 4\Ejercicio 2.asm
                  APAGADO   0x00001d    program     static D:\Microcomputadoras\Practica 4\Ejercicio 2.asm
                 ROT_M2_D   0x000020    program     static D:\Microcomputadoras\Practica 4\Ejercicio 2.asm
                 ROT_M2_I   0x000023    program     static D:\Microcomputadoras\Practica 4\Ejercicio 2.asm
                 ROT_M1_D   0x000026    program     static D:\Microcomputadoras\Practica 4\Ejercicio 2.asm
                 ROT_M1_I   0x000029    program     static D:\Microcomputadoras\Practica 4\Ejercicio 2.asm


