MPLINK 4.49, Linker
Linker Map File - Created Tue Jul 26 23:28:52 2011

                                 Section Info
                  Section       Type    Address   Location Size(Bytes)
                ---------  ---------  ---------  ---------  ---------
                   .org_0       code   0x000000    program   0x000000
                   .org_1       code   0x000000    program   0x000002
                   .org_2       code   0x000005    program   0x000056



                              Program Memory Usage 
                               Start         End      
                           ---------   ---------      
                            0x000000    0x000000      
                            0x000005    0x00002f      
            44 out of 8454 program addresses used, program memory utilization is 0%



                              Symbols - Sorted by Name
                     Name    Address   Location    Storage File                     
                ---------  ---------  ---------  --------- ---------                
                    CICLO   0x000012    program     static C:\Users\Micros\Desktop\Practica 6\Ejercicio 2\ejercicio2.asm
                   ESPERA   0x000014    program     static C:\Users\Micros\Desktop\Practica 6\Ejercicio 2\ejercicio2.asm
                   INICIO   0x000005    program     static C:\Users\Micros\Desktop\Practica 6\Ejercicio 2\ejercicio2.asm
                  SALIDA1   0x000022    program     static C:\Users\Micros\Desktop\Practica 6\Ejercicio 2\ejercicio2.asm
                  SALIDA2   0x000025    program     static C:\Users\Micros\Desktop\Practica 6\Ejercicio 2\ejercicio2.asm
                  SALIDA3   0x000028    program     static C:\Users\Micros\Desktop\Practica 6\Ejercicio 2\ejercicio2.asm
                     loop   0x00002d    program     static C:\Users\Micros\Desktop\Practica 6\Ejercicio 2\ejercicio2.asm
                  retardo   0x00002b    program     static C:\Users\Micros\Desktop\Practica 6\Ejercicio 2\ejercicio2.asm



                              Symbols - Sorted by Address
                     Name    Address   Location    Storage File                     
                ---------  ---------  ---------  --------- ---------                
                   INICIO   0x000005    program     static C:\Users\Micros\Desktop\Practica 6\Ejercicio 2\ejercicio2.asm
                    CICLO   0x000012    program     static C:\Users\Micros\Desktop\Practica 6\Ejercicio 2\ejercicio2.asm
                   ESPERA   0x000014    program     static C:\Users\Micros\Desktop\Practica 6\Ejercicio 2\ejercicio2.asm
                  SALIDA1   0x000022    program     static C:\Users\Micros\Desktop\Practica 6\Ejercicio 2\ejercicio2.asm
                  SALIDA2   0x000025    program     static C:\Users\Micros\Desktop\Practica 6\Ejercicio 2\ejercicio2.asm
                  SALIDA3   0x000028    program     static C:\Users\Micros\Desktop\Practica 6\Ejercicio 2\ejercicio2.asm
                  retardo   0x00002b    program     static C:\Users\Micros\Desktop\Practica 6\Ejercicio 2\ejercicio2.asm
                     loop   0x00002d    program     static C:\Users\Micros\Desktop\Practica 6\Ejercicio 2\ejercicio2.asm


