MPLINK 4.35, Linker
Linker Map File - Created Wed Oct 04 10:39:33 2017

                                 Section Info
                  Section       Type    Address   Location Size(Bytes)
                ---------  ---------  ---------  ---------  ---------
                   .org_0       code   0x000000    program   0x000000
                   .org_1       code   0x000000    program   0x000002
                   .org_2       code   0x000005    program   0x0000ba



                              Program Memory Usage 
                               Start         End      
                           ---------   ---------      
                            0x000000    0x000000      
                            0x000005    0x000061      
            94 out of 8453 program addresses used, program memory utilization is 1%



                              Symbols - Sorted by Name
                     Name    Address   Location    Storage File                     
                ---------  ---------  ---------  --------- ---------                
                 Continua   0x00001c    program     static D:\Practica 2 Teoria\Practica_2.asm
                    Disp1   0x00001f    program     static D:\Practica 2 Teoria\Practica_2.asm
                    Disp2   0x000029    program     static D:\Practica 2 Teoria\Practica_2.asm
                     LOOP   0x000015    program     static D:\Practica 2 Teoria\Practica_2.asm
                    LOOP2   0x000013    program     static D:\Practica 2 Teoria\Practica_2.asm
                   Limite   0x000037    program     static D:\Practica 2 Teoria\Practica_2.asm
                    Tabla   0x000050    program     static D:\Practica 2 Teoria\Practica_2.asm
                   inicio   0x000005    program     static D:\Practica 2 Teoria\Practica_2.asm
                  retardo   0x000046    program     static D:\Practica 2 Teoria\Practica_2.asm
                 retardo2   0x00004b    program     static D:\Practica 2 Teoria\Practica_2.asm
                     tres   0x000048    program     static D:\Practica 2 Teoria\Practica_2.asm
                    tres2   0x00004d    program     static D:\Practica 2 Teoria\Practica_2.asm



                              Symbols - Sorted by Address
                     Name    Address   Location    Storage File                     
                ---------  ---------  ---------  --------- ---------                
                   inicio   0x000005    program     static D:\Practica 2 Teoria\Practica_2.asm
                    LOOP2   0x000013    program     static D:\Practica 2 Teoria\Practica_2.asm
                     LOOP   0x000015    program     static D:\Practica 2 Teoria\Practica_2.asm
                 Continua   0x00001c    program     static D:\Practica 2 Teoria\Practica_2.asm
                    Disp1   0x00001f    program     static D:\Practica 2 Teoria\Practica_2.asm
                    Disp2   0x000029    program     static D:\Practica 2 Teoria\Practica_2.asm
                   Limite   0x000037    program     static D:\Practica 2 Teoria\Practica_2.asm
                  retardo   0x000046    program     static D:\Practica 2 Teoria\Practica_2.asm
                     tres   0x000048    program     static D:\Practica 2 Teoria\Practica_2.asm
                 retardo2   0x00004b    program     static D:\Practica 2 Teoria\Practica_2.asm
                    tres2   0x00004d    program     static D:\Practica 2 Teoria\Practica_2.asm
                    Tabla   0x000050    program     static D:\Practica 2 Teoria\Practica_2.asm


