MPLINK 4.35, Linker
Linker Map File - Created Sat Oct 28 18:23:33 2017

                                 Section Info
                  Section       Type    Address   Location Size(Bytes)
                ---------  ---------  ---------  ---------  ---------
                   .org_0       code   0x000000    program   0x000000
                   .org_1       code   0x000000    program   0x000002
                   .org_2       code   0x000005    program   0x000022



                              Program Memory Usage 
                               Start         End      
                           ---------   ---------      
                            0x000000    0x000000      
                            0x000005    0x000015      
            18 out of 8453 program addresses used, program memory utilization is 0%



                              Symbols - Sorted by Name
                     Name    Address   Location    Storage File                     
                ---------  ---------  ---------  --------- ---------                
                   CAMBIA   0x00000e    program     static D:\Microcomputadoras\Practica 1\Ejercicio 5.asm
                 CONSERVA   0x000013    program     static D:\Microcomputadoras\Practica 1\Ejercicio 5.asm
                   EVALUA   0x000008    program     static D:\Microcomputadoras\Practica 1\Ejercicio 5.asm
                      FIN   0x000016    program     static D:\Microcomputadoras\Practica 1\Ejercicio 5.asm
                   INICIO   0x000005    program     static D:\Microcomputadoras\Practica 1\Ejercicio 5.asm



                              Symbols - Sorted by Address
                     Name    Address   Location    Storage File                     
                ---------  ---------  ---------  --------- ---------                
                   INICIO   0x000005    program     static D:\Microcomputadoras\Practica 1\Ejercicio 5.asm
                   EVALUA   0x000008    program     static D:\Microcomputadoras\Practica 1\Ejercicio 5.asm
                   CAMBIA   0x00000e    program     static D:\Microcomputadoras\Practica 1\Ejercicio 5.asm
                 CONSERVA   0x000013    program     static D:\Microcomputadoras\Practica 1\Ejercicio 5.asm
                      FIN   0x000016    program     static D:\Microcomputadoras\Practica 1\Ejercicio 5.asm


