MPLINK 4.35, Linker
Linker Map File - Created Sat Oct 28 18:21:43 2017

                                 Section Info
                  Section       Type    Address   Location Size(Bytes)
                ---------  ---------  ---------  ---------  ---------
                   .org_0       code   0x000000    program   0x000000
                   .org_1       code   0x000000    program   0x000002
                   .org_2       code   0x000005    program   0x000024



                              Program Memory Usage 
                               Start         End      
                           ---------   ---------      
                            0x000000    0x000000      
                            0x000005    0x000016      
            19 out of 8453 program addresses used, program memory utilization is 0%



                              Symbols - Sorted by Name
                     Name    Address   Location    Storage File                     
                ---------  ---------  ---------  --------- ---------                
                 continua   0x000006    program     static D:\Microcomputadoras\Practica 1\Ejercicio 4.asm
                     diez   0x000011    program     static D:\Microcomputadoras\Practica 1\Ejercicio 4.asm
                   inicio   0x000005    program     static D:\Microcomputadoras\Practica 1\Ejercicio 4.asm
                   prueba   0x00000c    program     static D:\Microcomputadoras\Practica 1\Ejercicio 4.asm
                   veinte   0x000014    program     static D:\Microcomputadoras\Practica 1\Ejercicio 4.asm



                              Symbols - Sorted by Address
                     Name    Address   Location    Storage File                     
                ---------  ---------  ---------  --------- ---------                
                   inicio   0x000005    program     static D:\Microcomputadoras\Practica 1\Ejercicio 4.asm
                 continua   0x000006    program     static D:\Microcomputadoras\Practica 1\Ejercicio 4.asm
                   prueba   0x00000c    program     static D:\Microcomputadoras\Practica 1\Ejercicio 4.asm
                     diez   0x000011    program     static D:\Microcomputadoras\Practica 1\Ejercicio 4.asm
                   veinte   0x000014    program     static D:\Microcomputadoras\Practica 1\Ejercicio 4.asm


